apiVersion: v1
data: {}
kind: Secret
metadata:
  annotations: {}
  labels:
    name: thanos-objectstorage-1
  name: thanos-objectstorage-1
  namespace: syn-thanos
stringData:
  thanos.yaml: |-
    "config":
      "access_key": "t-silent-test-1234/c-green-test-1234/thanos/access_key_1"
      "bucket": "bucket-1"
      "endpoint": "s3.example.com"
      "secret_key": "t-silent-test-1234/c-green-test-1234/thanos/secret_key_1"
    "type": "S3"
type: Opaque
