apiVersion: monitoring.coreos.com/v1
kind: PrometheusRule
metadata:
  annotations: {}
  labels:
    name: thanos-receive-custom-alerts
  name: thanos-receive-custom-alerts
  namespace: syn-thanos
spec:
  groups:
    - name: thanos-receive-custom.rules
      rules: []
