apiVersion: v1
kind: ServiceAccount
metadata:
  annotations:
    serviceaccounts.openshift.io/oauth-redirecturi.primary: https://thanos.example.com
  labels:
    app.kubernetes.io/component: query-layer
    app.kubernetes.io/instance: thanos-query
    app.kubernetes.io/name: thanos-query
    app.kubernetes.io/version: v0.18.0
  name: thanos-query
  namespace: syn-thanos
