apiVersion: monitoring.coreos.com/v1
kind: PrometheusRule
metadata:
  annotations: {}
  labels:
    name: thanos-compactor-alerts
  name: thanos-compactor-alerts
  namespace: syn-thanos
spec:
  groups:
    - name: thanos-compact
      rules:
        - alert: ThanosCompactMultipleRunning
          annotations:
            description: No more than one Thanos Compact instance should be running
              at once. There are {{$value}} instances running.
            runbook_url: https://github.com/thanos-io/thanos/tree/main/mixin/runbook.md#alert-name-thanoscompactmultiplerunning
            summary: Thanos Compact has multiple instances running.
            syn.example.com/q: qqq
            syn.example.com/test: test
          expr: sum by (job) (up{job=~".*thanos-compact.*"}) > 1
          for: 5m
          labels:
            severity: warning
            syn: 'true'
            syn_component: thanos
        - alert: ThanosCompactHalted
          annotations:
            description: Thanos Compact {{$labels.job}} has failed to run and now
              is halted.
            runbook_url: https://github.com/thanos-io/thanos/tree/main/mixin/runbook.md#alert-name-thanoscompacthalted
            summary: Thanos Compact has failed to run ans is now halted.
            syn.example.com/q: qqq
          expr: thanos_compact_halted{job=~".*thanos-compact.*"} == 1
          for: 5m
          labels:
            severity: warning
            syn: 'true'
            syn_component: thanos
        - alert: ThanosCompactHighCompactionFailures
          annotations:
            description: Thanos Compact {{$labels.job}} is failing to execute {{$value
              | humanize}}% of compactions.
            runbook_url: https://github.com/thanos-io/thanos/tree/main/mixin/runbook.md#alert-name-thanoscompacthighcompactionfailures
            summary: Thanos Compact is failing to execute compactions.
            syn.example.com/q: qqq
          expr: |
            (
              sum by (job) (rate(thanos_compact_group_compactions_failures_total{job=~".*thanos-compact.*"}[5m]))
            /
              sum by (job) (rate(thanos_compact_group_compactions_total{job=~".*thanos-compact.*"}[5m]))
            * 100 > 5
            )
          for: 15m
          labels:
            severity: warning
            syn: 'true'
            syn_component: thanos
        - alert: ThanosCompactBucketHighOperationFailures
          annotations:
            description: Thanos Compact {{$labels.job}} Bucket is failing to execute
              {{$value | humanize}}% of operations.
            runbook_url: https://github.com/thanos-io/thanos/tree/main/mixin/runbook.md#alert-name-thanoscompactbuckethighoperationfailures
            summary: Thanos Compact Bucket is having a high number of operation failures.
            syn.example.com/q: qqq
          expr: |
            (
              sum by (job) (rate(thanos_objstore_bucket_operation_failures_total{job=~".*thanos-compact.*"}[5m]))
            /
              sum by (job) (rate(thanos_objstore_bucket_operations_total{job=~".*thanos-compact.*"}[5m]))
            * 100 > 5
            )
          for: 15m
          labels:
            severity: warning
            syn: 'true'
            syn_component: thanos
        - alert: ThanosCompactHasNotRun
          annotations:
            description: Thanos Compact {{$labels.job}} has not uploaded anything
              for 24 hours.
            runbook_url: https://github.com/thanos-io/thanos/tree/main/mixin/runbook.md#alert-name-thanoscompacthasnotrun
            summary: Thanos Compact has not uploaded anything for last 24 hours.
            syn.example.com/q: qqq
          expr: (time() - max by (job) (max_over_time(thanos_objstore_bucket_last_successful_upload_time{job=~".*thanos-compact.*"}[24h])))
            / 60 / 60 > 24
          labels:
            severity: warning
            syn: 'true'
            syn_component: thanos
