apiVersion: v1
kind: Service
metadata:
  labels:
    app.kubernetes.io/component: object-store-gateway
    app.kubernetes.io/instance: thanos-store-1
    app.kubernetes.io/name: thanos-store
    app.kubernetes.io/version: v0.24.0
  name: thanos-store-1
  namespace: syn-thanos
spec:
  clusterIP: None
  ports:
    - name: grpc
      port: 10901
      targetPort: 10901
    - name: http
      port: 10902
      targetPort: 10902
  selector:
    app.kubernetes.io/component: object-store-gateway
    app.kubernetes.io/instance: thanos-store-1
    app.kubernetes.io/name: thanos-store
  type: ClusterIP
