apiVersion: monitoring.coreos.com/v1
kind: PrometheusRule
metadata:
  annotations: {}
  labels:
    name: thanos-store-alerts
  name: thanos-store-alerts
  namespace: syn-thanos
spec:
  groups: []
