apiVersion: v1
kind: ServiceAccount
metadata:
  labels:
    app.kubernetes.io/component: object-store-gateway
    app.kubernetes.io/instance: thanos-store-1
    app.kubernetes.io/name: thanos-store
    app.kubernetes.io/version: v0.18.0
  name: thanos-store-1
  namespace: syn-thanos
