apiVersion: monitoring.coreos.com/v1
kind: ServiceMonitor
metadata:
  labels:
    app.kubernetes.io/component: object-store-gateway
    app.kubernetes.io/instance: thanos-store-1
    app.kubernetes.io/name: thanos-store
    app.kubernetes.io/version: v0.24.0
  name: thanos-store-1
  namespace: syn-thanos
spec:
  endpoints:
    - port: http
      relabelings:
        - separator: /
          sourceLabels:
            - namespace
            - pod
          targetLabel: instance
  selector:
    matchLabels:
      app.kubernetes.io/component: object-store-gateway
      app.kubernetes.io/instance: thanos-store-1
      app.kubernetes.io/name: thanos-store
